---------------------------------------------------------------
[ 2024-11-21T20:44:43+08:00 ] 10.211.55.2 GET dev.sustens.com/
[运行时间：2.209646s] [吞吐率：0.45req/s] [内存消耗：964.91kb] [文件加载：191]
[ info ] [ BEHAVIOR ] Run Closure @app_init [ RunTime:0.001324s ]
[ info ] [ CACHE ] INIT File
[ info ] [ DB ] INIT mysql
[ info ] [ BEHAVIOR ] Run \addons\ldcms\Ldcms @app_init [ RunTime:0.149473s ]
[ info ] [ BEHAVIOR ] Run Closure @app_init [ RunTime:0.149509s ]
[ info ] [ BEHAVIOR ] Run app\common\behavior\Common @app_init [ RunTime:0.013724s ]
[ info ] [ LANG ] /var/webstars/sustens/thinkphp/lang/zh-cn.php
[ info ] [ BEHAVIOR ] Run app\common\behavior\Common @app_dispatch [ RunTime:0.000089s ]
[ info ] [ ROUTE ] array (
  'type' => 'method',
  'method' => 
  array (
    0 => '\\think\\addons\\Route',
    1 => 'execute',
  ),
  'var' => 
  array (
    'addon' => 'ldcms',
    'controller' => 'index',
    'action' => 'index',
  ),
)
[ info ] [ HEADER ] array (
  'accept-language' => 'zh-CN,zh;q=0.9,en;q=0.8',
  'accept-encoding' => 'gzip, deflate',
  'accept' => 'text/html,application/xhtml+xml,application/xml;q=0.9,image/avif,image/webp,image/apng,*/*;q=0.8,application/signed-exchange;v=b3;q=0.7',
  'purpose' => 'prefetch',
  'sec-purpose' => 'prefetch;prerender',
  'user-agent' => 'Mozilla/5.0 (Macintosh; Intel Mac OS X 10_15_7) AppleWebKit/537.36 (KHTML, like Gecko) Chrome/130.0.0.0 Safari/537.36',
  'upgrade-insecure-requests' => '1',
  'connection' => 'keep-alive',
  'host' => 'dev.sustens.com',
  'content-length' => '',
  'content-type' => '',
)
[ info ] [ PARAM ] array (
)
[ info ] [ RUN ] think\addons\Route->execute[ /var/webstars/sustens/vendor/karsonzhang/fastadmin-addons/src/addons/Route.php ]
[ info ] [ LANG ] /var/webstars/sustens/public/../application/common/lang/zh-cn/addon.php
[ info ] [ BEHAVIOR ] Run app\common\behavior\Common @addon_begin [ RunTime:0.010222s ]
[ info ] [ BEHAVIOR ] Run \addons\ldcms\Ldcms @config_init [ RunTime:0.000088s ]
[ info ] [ LANG ] /var/webstars/sustens/addons/ldcms/lang/zh-cn.php
[ info ] [ VIEW ] /var/webstars/sustens/addons/ldcms/view/ldcms2024/index.html [ array (
  0 => 'user',
  1 => 'site',
  2 => 'config',
  3 => 'ld',
  4 => 'topid',
) ]
[ info ] [ SESSION ] INIT array (
  'id' => '',
  'var_session_id' => '',
  'prefix' => 'think',
  'type' => '',
  'auto_start' => true,
)
[ info ] [ LOG ] INIT File
[ error ] [2]Undefined variable $item[/var/webstars/sustens/runtime/temp/8359a87d2c49931d01c8bc03aba12b50.php:52]
[ error ] [2]Trying to access array offset on value of type null[/var/webstars/sustens/runtime/temp/8359a87d2c49931d01c8bc03aba12b50.php:52]
[ error ] [2]foreach() argument must be of type array|object, null given[/var/webstars/sustens/thinkphp/library/think/db/Query.php:746]
[ error ] [2]foreach() argument must be of type array|object, null given[/var/webstars/sustens/thinkphp/library/think/db/Query.php:746]
[ error ] [2]foreach() argument must be of type array|object, null given[/var/webstars/sustens/thinkphp/library/think/db/Query.php:746]
[ error ] [2]foreach() argument must be of type array|object, null given[/var/webstars/sustens/thinkphp/library/think/db/Query.php:746]
---------------------------------------------------------------
[ 2024-11-21T20:44:46+08:00 ] 10.211.55.2 GET dev.sustens.com/favicon.ico
[运行时间：0.273037s] [吞吐率：3.66req/s] [内存消耗：660.45kb] [文件加载：170]
[ info ] [ BEHAVIOR ] Run Closure @app_init [ RunTime:0.000081s ]
[ info ] [ CACHE ] INIT File
[ info ] [ DB ] INIT mysql
[ info ] [ BEHAVIOR ] Run \addons\ldcms\Ldcms @app_init [ RunTime:0.018712s ]
[ info ] [ BEHAVIOR ] Run Closure @app_init [ RunTime:0.018749s ]
[ info ] [ BEHAVIOR ] Run app\common\behavior\Common @app_init [ RunTime:0.000184s ]
[ info ] [ LANG ] /var/webstars/sustens/thinkphp/lang/zh-cn.php
[ info ] [ BEHAVIOR ] Run app\common\behavior\Common @app_dispatch [ RunTime:0.000030s ]
[ info ] [ ROUTE ] array (
  'type' => 'method',
  'method' => 
  array (
    0 => '\\think\\addons\\Route',
    1 => 'execute',
  ),
  'var' => 
  array (
    'addon' => 'ldcms',
    'controller' => 'lists',
    'action' => 'index',
  ),
)
[ info ] [ HEADER ] array (
  'cookie' => 'frontend_language=zh-cn; backend_language=zh-cn; PHPSESSID=edjkfkmlogotpee08jp38heser; thinkphp_show_page_trace=0|0',
  'accept-language' => 'zh-CN,zh;q=0.9,en;q=0.8',
  'accept-encoding' => 'gzip, deflate',
  'referer' => 'http://dev.sustens.com/',
  'accept' => 'image/avif,image/webp,image/apng,image/svg+xml,image/*,*/*;q=0.8',
  'user-agent' => 'Mozilla/5.0 (Macintosh; Intel Mac OS X 10_15_7) AppleWebKit/537.36 (KHTML, like Gecko) Chrome/130.0.0.0 Safari/537.36',
  'connection' => 'keep-alive',
  'host' => 'dev.sustens.com',
  'content-length' => '',
  'content-type' => '',
)
[ info ] [ PARAM ] array (
  'category' => 'favicon.ico',
)
[ info ] [ RUN ] think\addons\Route->execute[ /var/webstars/sustens/vendor/karsonzhang/fastadmin-addons/src/addons/Route.php ]
[ info ] [ LANG ] /var/webstars/sustens/public/../application/common/lang/zh-cn/addon.php
[ info ] [ BEHAVIOR ] Run app\common\behavior\Common @addon_begin [ RunTime:0.000470s ]
[ info ] [ BEHAVIOR ] Run \addons\ldcms\Ldcms @config_init [ RunTime:0.000044s ]
[ info ] [ LOG ] INIT File
---------------------------------------------------------------
[ 2024-11-21T20:44:55+08:00 ] 10.211.55.2 GET dev.sustens.com/
[运行时间：0.887269s] [吞吐率：1.13req/s] [内存消耗：864.04kb] [文件加载：187]
[ info ] [ BEHAVIOR ] Run Closure @app_init [ RunTime:0.000097s ]
[ info ] [ CACHE ] INIT File
[ info ] [ DB ] INIT mysql
[ info ] [ BEHAVIOR ] Run \addons\ldcms\Ldcms @app_init [ RunTime:0.004998s ]
[ info ] [ BEHAVIOR ] Run Closure @app_init [ RunTime:0.005027s ]
[ info ] [ BEHAVIOR ] Run app\common\behavior\Common @app_init [ RunTime:0.000117s ]
[ info ] [ LANG ] /var/webstars/sustens/thinkphp/lang/zh-cn.php
[ info ] [ BEHAVIOR ] Run app\common\behavior\Common @app_dispatch [ RunTime:0.000020s ]
[ info ] [ ROUTE ] array (
  'type' => 'method',
  'method' => 
  array (
    0 => '\\think\\addons\\Route',
    1 => 'execute',
  ),
  'var' => 
  array (
    'addon' => 'ldcms',
    'controller' => 'index',
    'action' => 'index',
  ),
)
[ info ] [ HEADER ] array (
  'connection' => 'keep-alive',
  'accept-encoding' => 'gzip, deflate, br',
  'host' => 'dev.sustens.com',
  'accept' => '*/*',
  'user-agent' => 'Apifox/1.0.0 (https://apifox.com)',
  'content-length' => '',
  'content-type' => '',
)
[ info ] [ PARAM ] array (
)
[ info ] [ RUN ] think\addons\Route->execute[ /var/webstars/sustens/vendor/karsonzhang/fastadmin-addons/src/addons/Route.php ]
[ info ] [ LANG ] /var/webstars/sustens/public/../application/common/lang/zh-cn/addon.php
[ info ] [ BEHAVIOR ] Run app\common\behavior\Common @addon_begin [ RunTime:0.000352s ]
[ info ] [ BEHAVIOR ] Run \addons\ldcms\Ldcms @config_init [ RunTime:0.000185s ]
[ info ] [ LANG ] /var/webstars/sustens/addons/ldcms/lang/zh-cn.php
[ info ] [ VIEW ] /var/webstars/sustens/addons/ldcms/view/ldcms2024/index.html [ array (
  0 => 'user',
  1 => 'site',
  2 => 'config',
  3 => 'ld',
  4 => 'topid',
) ]
[ info ] [ SESSION ] INIT array (
  'id' => '',
  'var_session_id' => '',
  'prefix' => 'think',
  'type' => '',
  'auto_start' => true,
)
[ info ] [ LOG ] INIT File
[ error ] [2]Undefined variable $item[/var/webstars/sustens/runtime/temp/8359a87d2c49931d01c8bc03aba12b50.php:52]
[ error ] [2]Trying to access array offset on value of type null[/var/webstars/sustens/runtime/temp/8359a87d2c49931d01c8bc03aba12b50.php:52]
[ error ] [2]foreach() argument must be of type array|object, null given[/var/webstars/sustens/thinkphp/library/think/db/Query.php:746]
[ error ] [2]foreach() argument must be of type array|object, null given[/var/webstars/sustens/thinkphp/library/think/db/Query.php:746]
[ error ] [2]foreach() argument must be of type array|object, null given[/var/webstars/sustens/thinkphp/library/think/db/Query.php:746]
[ error ] [2]foreach() argument must be of type array|object, null given[/var/webstars/sustens/thinkphp/library/think/db/Query.php:746]
---------------------------------------------------------------
[ 2024-11-21T21:03:19+08:00 ] 10.211.55.2 GET dev.sustens.com/addons/ldcms/api.v1/test
[运行时间：1.212773s] [吞吐率：0.82req/s] [内存消耗：589.62kb] [文件加载：167]
[ info ] [ BEHAVIOR ] Run Closure @app_init [ RunTime:0.000034s ]
[ info ] [ CACHE ] INIT File
[ info ] [ DB ] INIT mysql
[ info ] [ BEHAVIOR ] Run \addons\ldcms\Ldcms @app_init [ RunTime:0.092475s ]
[ info ] [ BEHAVIOR ] Run Closure @app_init [ RunTime:0.092517s ]
[ info ] [ BEHAVIOR ] Run app\common\behavior\Common @app_init [ RunTime:0.010583s ]
[ info ] [ LANG ] /var/webstars/sustens/thinkphp/lang/zh-cn.php
[ info ] [ BEHAVIOR ] Run app\common\behavior\Common @app_dispatch [ RunTime:0.000044s ]
[ info ] [ ROUTE ] array (
  'type' => 'method',
  'method' => 
  array (
    0 => '\\think\\addons\\Route',
    1 => 'execute',
  ),
  'var' => 
  array (
  ),
)
[ info ] [ HEADER ] array (
  'cookie' => 'frontend_language=zh-cn; backend_language=zh-cn; PHPSESSID=edjkfkmlogotpee08jp38heser; thinkphp_show_page_trace=0|0',
  'accept-language' => 'zh-CN,zh;q=0.9,en;q=0.8',
  'accept-encoding' => 'gzip, deflate',
  'accept' => 'text/html,application/xhtml+xml,application/xml;q=0.9,image/avif,image/webp,image/apng,*/*;q=0.8,application/signed-exchange;v=b3;q=0.7',
  'user-agent' => 'Mozilla/5.0 (Macintosh; Intel Mac OS X 10_15_7) AppleWebKit/537.36 (KHTML, like Gecko) Chrome/130.0.0.0 Safari/537.36',
  'upgrade-insecure-requests' => '1',
  'connection' => 'keep-alive',
  'host' => 'dev.sustens.com',
  'content-length' => '',
  'content-type' => '',
)
[ info ] [ PARAM ] array (
  'addon' => 'ldcms',
  'controller' => 'api.v1',
  'action' => 'test',
)
[ info ] [ RUN ] think\addons\Route->execute[ /var/webstars/sustens/vendor/karsonzhang/fastadmin-addons/src/addons/Route.php ]
[ info ] [ LANG ] /var/webstars/sustens/public/../application/common/lang/zh-cn/addon.php
[ info ] [ BEHAVIOR ] Run app\common\behavior\Common @addon_begin [ RunTime:0.010074s ]
[ info ] [ LOG ] INIT File
---------------------------------------------------------------
[ 2024-11-21T21:10:44+08:00 ] 10.211.55.2 GET dev.sustens.com/addons/ldcms/api.v1/test
[运行时间：0.629418s] [吞吐率：1.59req/s] [内存消耗：589.70kb] [文件加载：167]
[ info ] [ BEHAVIOR ] Run Closure @app_init [ RunTime:0.000024s ]
[ info ] [ CACHE ] INIT File
[ info ] [ DB ] INIT mysql
[ info ] [ BEHAVIOR ] Run \addons\ldcms\Ldcms @app_init [ RunTime:0.031330s ]
[ info ] [ BEHAVIOR ] Run Closure @app_init [ RunTime:0.031363s ]
[ info ] [ BEHAVIOR ] Run app\common\behavior\Common @app_init [ RunTime:0.002004s ]
[ info ] [ LANG ] /var/webstars/sustens/thinkphp/lang/zh-cn.php
[ info ] [ BEHAVIOR ] Run app\common\behavior\Common @app_dispatch [ RunTime:0.000030s ]
[ info ] [ ROUTE ] array (
  'type' => 'method',
  'method' => 
  array (
    0 => '\\think\\addons\\Route',
    1 => 'execute',
  ),
  'var' => 
  array (
  ),
)
[ info ] [ HEADER ] array (
  'cookie' => 'frontend_language=zh-cn; backend_language=zh-cn; PHPSESSID=edjkfkmlogotpee08jp38heser; thinkphp_show_page_trace=0|0',
  'accept-language' => 'zh-CN,zh;q=0.9,en;q=0.8',
  'accept-encoding' => 'gzip, deflate',
  'accept' => 'text/html,application/xhtml+xml,application/xml;q=0.9,image/avif,image/webp,image/apng,*/*;q=0.8,application/signed-exchange;v=b3;q=0.7',
  'user-agent' => 'Mozilla/5.0 (Macintosh; Intel Mac OS X 10_15_7) AppleWebKit/537.36 (KHTML, like Gecko) Chrome/130.0.0.0 Safari/537.36',
  'upgrade-insecure-requests' => '1',
  'cache-control' => 'max-age=0',
  'connection' => 'keep-alive',
  'host' => 'dev.sustens.com',
  'content-length' => '',
  'content-type' => '',
)
[ info ] [ PARAM ] array (
  'addon' => 'ldcms',
  'controller' => 'api.v1',
  'action' => 'test',
)
[ info ] [ RUN ] think\addons\Route->execute[ /var/webstars/sustens/vendor/karsonzhang/fastadmin-addons/src/addons/Route.php ]
[ info ] [ LANG ] /var/webstars/sustens/public/../application/common/lang/zh-cn/addon.php
[ info ] [ BEHAVIOR ] Run app\common\behavior\Common @addon_begin [ RunTime:0.003962s ]
[ info ] [ LOG ] INIT File
---------------------------------------------------------------
[ 2024-11-21T21:18:05+08:00 ] 10.211.55.2 GET dev.sustens.com/addons/ldcms/api.v1/test
[运行时间：0.296925s] [吞吐率：3.37req/s] [内存消耗：586.70kb] [文件加载：167]
[ info ] [ BEHAVIOR ] Run Closure @app_init [ RunTime:0.000022s ]
[ info ] [ CACHE ] INIT File
[ info ] [ DB ] INIT mysql
[ info ] [ BEHAVIOR ] Run \addons\ldcms\Ldcms @app_init [ RunTime:0.027403s ]
[ info ] [ BEHAVIOR ] Run Closure @app_init [ RunTime:0.027426s ]
[ info ] [ BEHAVIOR ] Run app\common\behavior\Common @app_init [ RunTime:0.001481s ]
[ info ] [ LANG ] /var/webstars/sustens/thinkphp/lang/zh-cn.php
[ info ] [ BEHAVIOR ] Run app\common\behavior\Common @app_dispatch [ RunTime:0.000028s ]
[ info ] [ ROUTE ] array (
  'type' => 'method',
  'method' => 
  array (
    0 => '\\think\\addons\\Route',
    1 => 'execute',
  ),
  'var' => 
  array (
  ),
)
[ info ] [ HEADER ] array (
  'connection' => 'keep-alive',
  'accept-encoding' => 'gzip, deflate, br',
  'host' => 'dev.sustens.com',
  'accept' => '*/*',
  'user-agent' => 'Apifox/1.0.0 (https://apifox.com)',
  'content-length' => '',
  'content-type' => '',
)
[ info ] [ PARAM ] array (
  'addon' => 'ldcms',
  'controller' => 'api.v1',
  'action' => 'test',
)
[ info ] [ RUN ] think\addons\Route->execute[ /var/webstars/sustens/vendor/karsonzhang/fastadmin-addons/src/addons/Route.php ]
[ info ] [ LANG ] /var/webstars/sustens/public/../application/common/lang/zh-cn/addon.php
[ info ] [ BEHAVIOR ] Run app\common\behavior\Common @addon_begin [ RunTime:0.002281s ]
[ info ] [ LOG ] INIT File
---------------------------------------------------------------
[ 2024-11-21T21:20:44+08:00 ] 10.211.55.2 GET dev.sustens.com/addons/ldcms/api.v1/test
[运行时间：0.366405s] [吞吐率：2.73req/s] [内存消耗：588.00kb] [文件加载：167]
[ info ] [ BEHAVIOR ] Run Closure @app_init [ RunTime:0.000035s ]
[ info ] [ CACHE ] INIT File
[ info ] [ DB ] INIT mysql
[ info ] [ BEHAVIOR ] Run \addons\ldcms\Ldcms @app_init [ RunTime:0.021317s ]
[ info ] [ BEHAVIOR ] Run Closure @app_init [ RunTime:0.021346s ]
[ info ] [ BEHAVIOR ] Run app\common\behavior\Common @app_init [ RunTime:0.002210s ]
[ info ] [ LANG ] /var/webstars/sustens/thinkphp/lang/zh-cn.php
[ info ] [ BEHAVIOR ] Run app\common\behavior\Common @app_dispatch [ RunTime:0.000042s ]
[ info ] [ ROUTE ] array (
  'type' => 'method',
  'method' => 
  array (
    0 => '\\think\\addons\\Route',
    1 => 'execute',
  ),
  'var' => 
  array (
  ),
)
[ info ] [ HEADER ] array (
  'cookie' => 'backend_language=zh-cn',
  'connection' => 'keep-alive',
  'accept-encoding' => 'gzip, deflate, br',
  'host' => 'dev.sustens.com',
  'accept' => '*/*',
  'user-agent' => 'Apifox/1.0.0 (https://apifox.com)',
  'content-length' => '',
  'content-type' => '',
)
[ info ] [ PARAM ] array (
  'addon' => 'ldcms',
  'controller' => 'api.v1',
  'action' => 'test',
)
[ info ] [ RUN ] think\addons\Route->execute[ /var/webstars/sustens/vendor/karsonzhang/fastadmin-addons/src/addons/Route.php ]
[ info ] [ LANG ] /var/webstars/sustens/public/../application/common/lang/zh-cn/addon.php
[ info ] [ BEHAVIOR ] Run app\common\behavior\Common @addon_begin [ RunTime:0.003412s ]
[ info ] [ LOG ] INIT File
---------------------------------------------------------------
[ 2024-11-21T21:22:43+08:00 ] 10.211.55.2 GET dev.sustens.com/addons/ldcms/api.v1/test
[运行时间：0.383291s] [吞吐率：2.61req/s] [内存消耗：588.00kb] [文件加载：167]
[ info ] [ BEHAVIOR ] Run Closure @app_init [ RunTime:0.000085s ]
[ info ] [ CACHE ] INIT File
[ info ] [ DB ] INIT mysql
[ info ] [ BEHAVIOR ] Run \addons\ldcms\Ldcms @app_init [ RunTime:0.021126s ]
[ info ] [ BEHAVIOR ] Run Closure @app_init [ RunTime:0.021156s ]
[ info ] [ BEHAVIOR ] Run app\common\behavior\Common @app_init [ RunTime:0.002304s ]
[ info ] [ LANG ] /var/webstars/sustens/thinkphp/lang/zh-cn.php
[ info ] [ BEHAVIOR ] Run app\common\behavior\Common @app_dispatch [ RunTime:0.000039s ]
[ info ] [ ROUTE ] array (
  'type' => 'method',
  'method' => 
  array (
    0 => '\\think\\addons\\Route',
    1 => 'execute',
  ),
  'var' => 
  array (
  ),
)
[ info ] [ HEADER ] array (
  'cookie' => 'backend_language=zh-cn',
  'connection' => 'keep-alive',
  'accept-encoding' => 'gzip, deflate, br',
  'host' => 'dev.sustens.com',
  'accept' => '*/*',
  'user-agent' => 'Apifox/1.0.0 (https://apifox.com)',
  'content-length' => '',
  'content-type' => '',
)
[ info ] [ PARAM ] array (
  'addon' => 'ldcms',
  'controller' => 'api.v1',
  'action' => 'test',
)
[ info ] [ RUN ] think\addons\Route->execute[ /var/webstars/sustens/vendor/karsonzhang/fastadmin-addons/src/addons/Route.php ]
[ info ] [ LANG ] /var/webstars/sustens/public/../application/common/lang/zh-cn/addon.php
[ info ] [ BEHAVIOR ] Run app\common\behavior\Common @addon_begin [ RunTime:0.007191s ]
[ info ] [ LOG ] INIT File
---------------------------------------------------------------
[ 2024-11-21T21:26:46+08:00 ] 10.211.55.2 GET dev.sustens.com//addons/ldcms/api.v1/test
[运行时间：0.394774s] [吞吐率：2.53req/s] [内存消耗：588.00kb] [文件加载：167]
[ info ] [ BEHAVIOR ] Run Closure @app_init [ RunTime:0.000026s ]
[ info ] [ CACHE ] INIT File
[ info ] [ DB ] INIT mysql
[ info ] [ BEHAVIOR ] Run \addons\ldcms\Ldcms @app_init [ RunTime:0.021912s ]
[ info ] [ BEHAVIOR ] Run Closure @app_init [ RunTime:0.022091s ]
[ info ] [ BEHAVIOR ] Run app\common\behavior\Common @app_init [ RunTime:0.003022s ]
[ info ] [ LANG ] /var/webstars/sustens/thinkphp/lang/zh-cn.php
[ info ] [ BEHAVIOR ] Run app\common\behavior\Common @app_dispatch [ RunTime:0.000032s ]
[ info ] [ ROUTE ] array (
  'type' => 'method',
  'method' => 
  array (
    0 => '\\think\\addons\\Route',
    1 => 'execute',
  ),
  'var' => 
  array (
  ),
)
[ info ] [ HEADER ] array (
  'cookie' => 'backend_language=zh-cn',
  'connection' => 'keep-alive',
  'accept-encoding' => 'gzip, deflate, br',
  'host' => 'dev.sustens.com',
  'accept' => '*/*',
  'user-agent' => 'Apifox/1.0.0 (https://apifox.com)',
  'content-length' => '',
  'content-type' => '',
)
[ info ] [ PARAM ] array (
  'addon' => 'ldcms',
  'controller' => 'api.v1',
  'action' => 'test',
)
[ info ] [ RUN ] think\addons\Route->execute[ /var/webstars/sustens/vendor/karsonzhang/fastadmin-addons/src/addons/Route.php ]
[ info ] [ LANG ] /var/webstars/sustens/public/../application/common/lang/zh-cn/addon.php
[ info ] [ BEHAVIOR ] Run app\common\behavior\Common @addon_begin [ RunTime:0.004243s ]
[ info ] [ LOG ] INIT File
---------------------------------------------------------------
[ 2024-11-21T21:34:39+08:00 ] 10.211.55.2 GET dev.sustens.com//addons/ldcms/api.v1/test
[运行时间：0.311794s] [吞吐率：3.21req/s] [内存消耗：588.13kb] [文件加载：167]
[ info ] [ BEHAVIOR ] Run Closure @app_init [ RunTime:0.000025s ]
[ info ] [ CACHE ] INIT File
[ info ] [ DB ] INIT mysql
[ info ] [ BEHAVIOR ] Run \addons\ldcms\Ldcms @app_init [ RunTime:0.022868s ]
[ info ] [ BEHAVIOR ] Run Closure @app_init [ RunTime:0.022894s ]
[ info ] [ BEHAVIOR ] Run app\common\behavior\Common @app_init [ RunTime:0.003270s ]
[ info ] [ LANG ] /var/webstars/sustens/thinkphp/lang/zh-cn.php
[ info ] [ BEHAVIOR ] Run app\common\behavior\Common @app_dispatch [ RunTime:0.000035s ]
[ info ] [ ROUTE ] array (
  'type' => 'method',
  'method' => 
  array (
    0 => '\\think\\addons\\Route',
    1 => 'execute',
  ),
  'var' => 
  array (
  ),
)
[ info ] [ HEADER ] array (
  'cookie' => 'backend_language=zh-cn',
  'content-length' => '16',
  'connection' => 'keep-alive',
  'accept-encoding' => 'gzip, deflate, br',
  'host' => 'dev.sustens.com',
  'accept' => '*/*',
  'content-type' => 'text/plain',
  'user-agent' => 'Apifox/1.0.0 (https://apifox.com)',
)
[ info ] [ PARAM ] array (
  'addon' => 'ldcms',
  'controller' => 'api.v1',
  'action' => 'test',
)
[ info ] [ RUN ] think\addons\Route->execute[ /var/webstars/sustens/vendor/karsonzhang/fastadmin-addons/src/addons/Route.php ]
[ info ] [ LANG ] /var/webstars/sustens/public/../application/common/lang/zh-cn/addon.php
[ info ] [ BEHAVIOR ] Run app\common\behavior\Common @addon_begin [ RunTime:0.005103s ]
[ info ] [ LOG ] INIT File
---------------------------------------------------------------
[ 2024-11-21T21:35:20+08:00 ] 10.211.55.2 GET dev.sustens.com//addons/ldcms/api.v1/test
[运行时间：0.078026s] [吞吐率：12.82req/s] [内存消耗：588.14kb] [文件加载：167]
[ info ] [ BEHAVIOR ] Run Closure @app_init [ RunTime:0.000028s ]
[ info ] [ CACHE ] INIT File
[ info ] [ DB ] INIT mysql
[ info ] [ BEHAVIOR ] Run \addons\ldcms\Ldcms @app_init [ RunTime:0.010076s ]
[ info ] [ BEHAVIOR ] Run Closure @app_init [ RunTime:0.010110s ]
[ info ] [ BEHAVIOR ] Run app\common\behavior\Common @app_init [ RunTime:0.000144s ]
[ info ] [ LANG ] /var/webstars/sustens/thinkphp/lang/zh-cn.php
[ info ] [ BEHAVIOR ] Run app\common\behavior\Common @app_dispatch [ RunTime:0.000025s ]
[ info ] [ ROUTE ] array (
  'type' => 'method',
  'method' => 
  array (
    0 => '\\think\\addons\\Route',
    1 => 'execute',
  ),
  'var' => 
  array (
  ),
)
[ info ] [ HEADER ] array (
  'cookie' => 'backend_language=zh-cn',
  'content-length' => '17',
  'connection' => 'keep-alive',
  'accept-encoding' => 'gzip, deflate, br',
  'host' => 'dev.sustens.com',
  'accept' => '*/*',
  'content-type' => 'text/plain',
  'user-agent' => 'Apifox/1.0.0 (https://apifox.com)',
)
[ info ] [ PARAM ] array (
  'addon' => 'ldcms',
  'controller' => 'api.v1',
  'action' => 'test',
)
[ info ] [ RUN ] think\addons\Route->execute[ /var/webstars/sustens/vendor/karsonzhang/fastadmin-addons/src/addons/Route.php ]
[ info ] [ LANG ] /var/webstars/sustens/public/../application/common/lang/zh-cn/addon.php
[ info ] [ BEHAVIOR ] Run app\common\behavior\Common @addon_begin [ RunTime:0.000197s ]
[ info ] [ LOG ] INIT File
---------------------------------------------------------------
[ 2024-11-21T21:45:47+08:00 ] 10.211.55.2 GET dev.sustens.com//addons/ldcms/api.v1/test
[运行时间：0.393265s] [吞吐率：2.54req/s] [内存消耗：597.52kb] [文件加载：167]
[ info ] [ BEHAVIOR ] Run Closure @app_init [ RunTime:0.000047s ]
[ info ] [ CACHE ] INIT File
[ info ] [ DB ] INIT mysql
[ info ] [ BEHAVIOR ] Run \addons\ldcms\Ldcms @app_init [ RunTime:0.041160s ]
[ info ] [ BEHAVIOR ] Run Closure @app_init [ RunTime:0.041207s ]
[ info ] [ BEHAVIOR ] Run app\common\behavior\Common @app_init [ RunTime:0.006199s ]
[ info ] [ LANG ] /var/webstars/sustens/thinkphp/lang/zh-cn.php
[ info ] [ BEHAVIOR ] Run app\common\behavior\Common @app_dispatch [ RunTime:0.000036s ]
[ info ] [ ROUTE ] array (
  'type' => 'method',
  'method' => 
  array (
    0 => '\\think\\addons\\Route',
    1 => 'execute',
  ),
  'var' => 
  array (
  ),
)
[ info ] [ HEADER ] array (
  'cookie' => 'backend_language=zh-cn',
  'content-length' => '23',
  'connection' => 'keep-alive',
  'accept-encoding' => 'gzip, deflate, br',
  'host' => 'dev.sustens.com',
  'accept' => '*/*',
  'content-type' => 'application/json',
  'user-agent' => 'Apifox/1.0.0 (https://apifox.com)',
)
[ info ] [ PARAM ] array (
  'addon' => 'ldcms',
  'controller' => 'api.v1',
  'action' => 'test',
)
[ info ] [ RUN ] think\addons\Route->execute[ /var/webstars/sustens/vendor/karsonzhang/fastadmin-addons/src/addons/Route.php ]
[ info ] [ LANG ] /var/webstars/sustens/public/../application/common/lang/zh-cn/addon.php
[ info ] [ BEHAVIOR ] Run app\common\behavior\Common @addon_begin [ RunTime:0.005963s ]
[ info ] [ LOG ] INIT File
---------------------------------------------------------------
[ 2024-11-21T21:53:38+08:00 ] 10.211.55.2 GET dev.sustens.com//addons/ldcms/api.v1/test
[运行时间：0.526380s] [吞吐率：1.90req/s] [内存消耗：588.15kb] [文件加载：167]
[ info ] [ BEHAVIOR ] Run Closure @app_init [ RunTime:0.000035s ]
[ info ] [ CACHE ] INIT File
[ info ] [ DB ] INIT mysql
[ info ] [ BEHAVIOR ] Run \addons\ldcms\Ldcms @app_init [ RunTime:0.050586s ]
[ info ] [ BEHAVIOR ] Run Closure @app_init [ RunTime:0.050626s ]
[ info ] [ BEHAVIOR ] Run app\common\behavior\Common @app_init [ RunTime:0.006855s ]
[ info ] [ LANG ] /var/webstars/sustens/thinkphp/lang/zh-cn.php
[ info ] [ BEHAVIOR ] Run app\common\behavior\Common @app_dispatch [ RunTime:0.000062s ]
[ info ] [ ROUTE ] array (
  'type' => 'method',
  'method' => 
  array (
    0 => '\\think\\addons\\Route',
    1 => 'execute',
  ),
  'var' => 
  array (
  ),
)
[ info ] [ HEADER ] array (
  'cookie' => 'backend_language=zh-cn',
  'content-length' => '23',
  'connection' => 'keep-alive',
  'accept-encoding' => 'gzip, deflate, br',
  'host' => 'dev.sustens.com',
  'accept' => '*/*',
  'content-type' => 'application/json',
  'user-agent' => 'Apifox/1.0.0 (https://apifox.com)',
)
[ info ] [ PARAM ] array (
  'addon' => 'ldcms',
  'controller' => 'api.v1',
  'action' => 'test',
)
[ info ] [ RUN ] think\addons\Route->execute[ /var/webstars/sustens/vendor/karsonzhang/fastadmin-addons/src/addons/Route.php ]
[ info ] [ LANG ] /var/webstars/sustens/public/../application/common/lang/zh-cn/addon.php
[ info ] [ BEHAVIOR ] Run app\common\behavior\Common @addon_begin [ RunTime:0.009381s ]
[ info ] [ LOG ] INIT File
---------------------------------------------------------------
[ 2024-11-21T21:54:43+08:00 ] 10.211.55.2 GET dev.sustens.com//addons/ldcms/api.v1/test
[运行时间：0.993888s] [吞吐率：1.01req/s] [内存消耗：588.15kb] [文件加载：167]
[ info ] [ BEHAVIOR ] Run Closure @app_init [ RunTime:0.000031s ]
[ info ] [ CACHE ] INIT File
[ info ] [ DB ] INIT mysql
[ info ] [ BEHAVIOR ] Run \addons\ldcms\Ldcms @app_init [ RunTime:0.036120s ]
[ info ] [ BEHAVIOR ] Run Closure @app_init [ RunTime:0.036151s ]
[ info ] [ BEHAVIOR ] Run app\common\behavior\Common @app_init [ RunTime:0.004198s ]
[ info ] [ LANG ] /var/webstars/sustens/thinkphp/lang/zh-cn.php
[ info ] [ BEHAVIOR ] Run app\common\behavior\Common @app_dispatch [ RunTime:0.000494s ]
[ info ] [ ROUTE ] array (
  'type' => 'method',
  'method' => 
  array (
    0 => '\\think\\addons\\Route',
    1 => 'execute',
  ),
  'var' => 
  array (
  ),
)
[ info ] [ HEADER ] array (
  'cookie' => 'backend_language=zh-cn',
  'content-length' => '23',
  'connection' => 'keep-alive',
  'accept-encoding' => 'gzip, deflate, br',
  'host' => 'dev.sustens.com',
  'accept' => '*/*',
  'content-type' => 'application/json',
  'user-agent' => 'Apifox/1.0.0 (https://apifox.com)',
)
[ info ] [ PARAM ] array (
  'addon' => 'ldcms',
  'controller' => 'api.v1',
  'action' => 'test',
)
[ info ] [ RUN ] think\addons\Route->execute[ /var/webstars/sustens/vendor/karsonzhang/fastadmin-addons/src/addons/Route.php ]
[ info ] [ LANG ] /var/webstars/sustens/public/../application/common/lang/zh-cn/addon.php
[ info ] [ BEHAVIOR ] Run app\common\behavior\Common @addon_begin [ RunTime:0.007946s ]
[ info ] [ LOG ] INIT File
---------------------------------------------------------------
[ 2024-11-21T21:54:58+08:00 ] 10.211.55.2 GET dev.sustens.com//addons/ldcms/api.v2/test
[运行时间：0.051890s] [吞吐率：19.27req/s] [内存消耗：253.35kb] [文件加载：82]
[ info ] [ BEHAVIOR ] Run Closure @app_init [ RunTime:0.000080s ]
[ info ] [ CACHE ] INIT File
[ info ] [ DB ] INIT mysql
[ info ] [ BEHAVIOR ] Run \addons\ldcms\Ldcms @app_init [ RunTime:0.007785s ]
[ info ] [ BEHAVIOR ] Run Closure @app_init [ RunTime:0.007833s ]
[ info ] [ BEHAVIOR ] Run app\common\behavior\Common @app_init [ RunTime:0.000153s ]
[ info ] [ LANG ] /var/webstars/sustens/thinkphp/lang/zh-cn.php
[ info ] [ BEHAVIOR ] Run app\common\behavior\Common @app_dispatch [ RunTime:0.000027s ]
[ info ] [ ROUTE ] array (
  'type' => 'method',
  'method' => 
  array (
    0 => '\\think\\addons\\Route',
    1 => 'execute',
  ),
  'var' => 
  array (
  ),
)
[ info ] [ HEADER ] array (
  'cookie' => 'backend_language=zh-cn',
  'content-length' => '23',
  'connection' => 'keep-alive',
  'accept-encoding' => 'gzip, deflate, br',
  'host' => 'dev.sustens.com',
  'accept' => '*/*',
  'content-type' => 'application/json',
  'user-agent' => 'Apifox/1.0.0 (https://apifox.com)',
)
[ info ] [ PARAM ] array (
  'addon' => 'ldcms',
  'controller' => 'api.v2',
  'action' => 'test',
)
[ info ] [ RUN ] think\addons\Route->execute[ /var/webstars/sustens/vendor/karsonzhang/fastadmin-addons/src/addons/Route.php ]
[ info ] [ LANG ] /var/webstars/sustens/public/../application/common/lang/zh-cn/addon.php
[ info ] [ BEHAVIOR ] Run app\common\behavior\Common @addon_begin [ RunTime:0.000506s ]
[ info ] [ LOG ] INIT File
---------------------------------------------------------------
[ 2024-11-21T21:59:59+08:00 ] 10.211.55.2 GET dev.sustens.com//addons/ldcms/api.v3/test
[运行时间：0.366191s] [吞吐率：2.73req/s] [内存消耗：253.35kb] [文件加载：82]
[ info ] [ BEHAVIOR ] Run Closure @app_init [ RunTime:0.000034s ]
[ info ] [ CACHE ] INIT File
[ info ] [ DB ] INIT mysql
[ info ] [ BEHAVIOR ] Run \addons\ldcms\Ldcms @app_init [ RunTime:0.050074s ]
[ info ] [ BEHAVIOR ] Run Closure @app_init [ RunTime:0.050112s ]
[ info ] [ BEHAVIOR ] Run app\common\behavior\Common @app_init [ RunTime:0.002352s ]
[ info ] [ LANG ] /var/webstars/sustens/thinkphp/lang/zh-cn.php
[ info ] [ BEHAVIOR ] Run app\common\behavior\Common @app_dispatch [ RunTime:0.000046s ]
[ info ] [ ROUTE ] array (
  'type' => 'method',
  'method' => 
  array (
    0 => '\\think\\addons\\Route',
    1 => 'execute',
  ),
  'var' => 
  array (
  ),
)
[ info ] [ HEADER ] array (
  'cookie' => 'backend_language=zh-cn',
  'content-length' => '23',
  'connection' => 'keep-alive',
  'accept-encoding' => 'gzip, deflate, br',
  'host' => 'dev.sustens.com',
  'accept' => '*/*',
  'content-type' => 'application/json',
  'user-agent' => 'Apifox/1.0.0 (https://apifox.com)',
)
[ info ] [ PARAM ] array (
  'addon' => 'ldcms',
  'controller' => 'api.v3',
  'action' => 'test',
)
[ info ] [ RUN ] think\addons\Route->execute[ /var/webstars/sustens/vendor/karsonzhang/fastadmin-addons/src/addons/Route.php ]
[ info ] [ LANG ] /var/webstars/sustens/public/../application/common/lang/zh-cn/addon.php
[ info ] [ BEHAVIOR ] Run app\common\behavior\Common @addon_begin [ RunTime:0.007998s ]
[ info ] [ LOG ] INIT File
---------------------------------------------------------------
[ 2024-11-21T22:00:15+08:00 ] 10.211.55.2 GET dev.sustens.com//addons/ldcms/api.v1/test
[运行时间：0.168034s] [吞吐率：5.95req/s] [内存消耗：588.15kb] [文件加载：167]
[ info ] [ BEHAVIOR ] Run Closure @app_init [ RunTime:0.000108s ]
[ info ] [ CACHE ] INIT File
[ info ] [ DB ] INIT mysql
[ info ] [ BEHAVIOR ] Run \addons\ldcms\Ldcms @app_init [ RunTime:0.005483s ]
[ info ] [ BEHAVIOR ] Run Closure @app_init [ RunTime:0.005533s ]
[ info ] [ BEHAVIOR ] Run app\common\behavior\Common @app_init [ RunTime:0.000318s ]
[ info ] [ LANG ] /var/webstars/sustens/thinkphp/lang/zh-cn.php
[ info ] [ BEHAVIOR ] Run app\common\behavior\Common @app_dispatch [ RunTime:0.000044s ]
[ info ] [ ROUTE ] array (
  'type' => 'method',
  'method' => 
  array (
    0 => '\\think\\addons\\Route',
    1 => 'execute',
  ),
  'var' => 
  array (
  ),
)
[ info ] [ HEADER ] array (
  'cookie' => 'backend_language=zh-cn',
  'content-length' => '23',
  'connection' => 'keep-alive',
  'accept-encoding' => 'gzip, deflate, br',
  'host' => 'dev.sustens.com',
  'accept' => '*/*',
  'content-type' => 'application/json',
  'user-agent' => 'Apifox/1.0.0 (https://apifox.com)',
)
[ info ] [ PARAM ] array (
  'addon' => 'ldcms',
  'controller' => 'api.v1',
  'action' => 'test',
)
[ info ] [ RUN ] think\addons\Route->execute[ /var/webstars/sustens/vendor/karsonzhang/fastadmin-addons/src/addons/Route.php ]
[ info ] [ LANG ] /var/webstars/sustens/public/../application/common/lang/zh-cn/addon.php
[ info ] [ BEHAVIOR ] Run app\common\behavior\Common @addon_begin [ RunTime:0.000194s ]
[ info ] [ LOG ] INIT File
---------------------------------------------------------------
[ 2024-11-21T22:00:33+08:00 ] 10.211.55.2 GET dev.sustens.com//addons/ldcms/api.v1/test
[运行时间：0.089018s] [吞吐率：11.23req/s] [内存消耗：588.15kb] [文件加载：167]
[ info ] [ BEHAVIOR ] Run Closure @app_init [ RunTime:0.000034s ]
[ info ] [ CACHE ] INIT File
[ info ] [ DB ] INIT mysql
[ info ] [ BEHAVIOR ] Run \addons\ldcms\Ldcms @app_init [ RunTime:0.007930s ]
[ info ] [ BEHAVIOR ] Run Closure @app_init [ RunTime:0.007970s ]
[ info ] [ BEHAVIOR ] Run app\common\behavior\Common @app_init [ RunTime:0.000121s ]
[ info ] [ LANG ] /var/webstars/sustens/thinkphp/lang/zh-cn.php
[ info ] [ BEHAVIOR ] Run app\common\behavior\Common @app_dispatch [ RunTime:0.000022s ]
[ info ] [ ROUTE ] array (
  'type' => 'method',
  'method' => 
  array (
    0 => '\\think\\addons\\Route',
    1 => 'execute',
  ),
  'var' => 
  array (
  ),
)
[ info ] [ HEADER ] array (
  'cookie' => 'backend_language=zh-cn',
  'content-length' => '23',
  'connection' => 'keep-alive',
  'accept-encoding' => 'gzip, deflate, br',
  'host' => 'dev.sustens.com',
  'accept' => '*/*',
  'content-type' => 'application/json',
  'user-agent' => 'Apifox/1.0.0 (https://apifox.com)',
)
[ info ] [ PARAM ] array (
  'addon' => 'ldcms',
  'controller' => 'api.v1',
  'action' => 'test',
)
[ info ] [ RUN ] think\addons\Route->execute[ /var/webstars/sustens/vendor/karsonzhang/fastadmin-addons/src/addons/Route.php ]
[ info ] [ LANG ] /var/webstars/sustens/public/../application/common/lang/zh-cn/addon.php
[ info ] [ BEHAVIOR ] Run app\common\behavior\Common @addon_begin [ RunTime:0.000187s ]
[ info ] [ LOG ] INIT File
---------------------------------------------------------------
[ 2024-11-21T22:00:46+08:00 ] 10.211.55.2 GET dev.sustens.com//addons/ldcms/api.v1/test
[运行时间：0.160686s] [吞吐率：6.22req/s] [内存消耗：588.15kb] [文件加载：167]
[ info ] [ BEHAVIOR ] Run Closure @app_init [ RunTime:0.000029s ]
[ info ] [ CACHE ] INIT File
[ info ] [ DB ] INIT mysql
[ info ] [ BEHAVIOR ] Run \addons\ldcms\Ldcms @app_init [ RunTime:0.014140s ]
[ info ] [ BEHAVIOR ] Run Closure @app_init [ RunTime:0.014486s ]
[ info ] [ BEHAVIOR ] Run app\common\behavior\Common @app_init [ RunTime:0.000176s ]
[ info ] [ LANG ] /var/webstars/sustens/thinkphp/lang/zh-cn.php
[ info ] [ BEHAVIOR ] Run app\common\behavior\Common @app_dispatch [ RunTime:0.000044s ]
[ info ] [ ROUTE ] array (
  'type' => 'method',
  'method' => 
  array (
    0 => '\\think\\addons\\Route',
    1 => 'execute',
  ),
  'var' => 
  array (
  ),
)
[ info ] [ HEADER ] array (
  'cookie' => 'backend_language=zh-cn',
  'content-length' => '23',
  'connection' => 'keep-alive',
  'accept-encoding' => 'gzip, deflate, br',
  'host' => 'dev.sustens.com',
  'accept' => '*/*',
  'content-type' => 'application/json',
  'user-agent' => 'Apifox/1.0.0 (https://apifox.com)',
)
[ info ] [ PARAM ] array (
  'addon' => 'ldcms',
  'controller' => 'api.v1',
  'action' => 'test',
)
[ info ] [ RUN ] think\addons\Route->execute[ /var/webstars/sustens/vendor/karsonzhang/fastadmin-addons/src/addons/Route.php ]
[ info ] [ LANG ] /var/webstars/sustens/public/../application/common/lang/zh-cn/addon.php
[ info ] [ BEHAVIOR ] Run app\common\behavior\Common @addon_begin [ RunTime:0.000202s ]
[ info ] [ LOG ] INIT File
---------------------------------------------------------------
[ 2024-11-21T22:02:00+08:00 ] 10.211.55.2 GET dev.sustens.com//addons/ldcms/api.v1/test
[运行时间：0.745567s] [吞吐率：1.34req/s] [内存消耗：588.16kb] [文件加载：167]
[ info ] [ BEHAVIOR ] Run Closure @app_init [ RunTime:0.000034s ]
[ info ] [ CACHE ] INIT File
[ info ] [ DB ] INIT mysql
[ info ] [ BEHAVIOR ] Run \addons\ldcms\Ldcms @app_init [ RunTime:0.084780s ]
[ info ] [ BEHAVIOR ] Run Closure @app_init [ RunTime:0.084870s ]
[ info ] [ BEHAVIOR ] Run app\common\behavior\Common @app_init [ RunTime:0.012324s ]
[ info ] [ LANG ] /var/webstars/sustens/thinkphp/lang/zh-cn.php
[ info ] [ BEHAVIOR ] Run app\common\behavior\Common @app_dispatch [ RunTime:0.000094s ]
[ info ] [ ROUTE ] array (
  'type' => 'method',
  'method' => 
  array (
    0 => '\\think\\addons\\Route',
    1 => 'execute',
  ),
  'var' => 
  array (
  ),
)
[ info ] [ HEADER ] array (
  'cookie' => 'backend_language=zh-cn',
  'content-length' => '27',
  'connection' => 'keep-alive',
  'accept-encoding' => 'gzip, deflate, br',
  'host' => 'dev.sustens.com',
  'accept' => '*/*',
  'content-type' => 'application/json',
  'user-agent' => 'Apifox/1.0.0 (https://apifox.com)',
)
[ info ] [ PARAM ] array (
  'addon' => 'ldcms',
  'controller' => 'api.v1',
  'action' => 'test',
)
[ info ] [ RUN ] think\addons\Route->execute[ /var/webstars/sustens/vendor/karsonzhang/fastadmin-addons/src/addons/Route.php ]
[ info ] [ LANG ] /var/webstars/sustens/public/../application/common/lang/zh-cn/addon.php
[ info ] [ BEHAVIOR ] Run app\common\behavior\Common @addon_begin [ RunTime:0.010193s ]
[ info ] [ LOG ] INIT File
---------------------------------------------------------------
[ 2024-11-21T22:07:40+08:00 ] 10.211.55.2 GET dev.sustens.com//pet/1
[运行时间：0.414896s] [吞吐率：2.41req/s] [内存消耗：659.48kb] [文件加载：170]
[ info ] [ BEHAVIOR ] Run Closure @app_init [ RunTime:0.000024s ]
[ info ] [ CACHE ] INIT File
[ info ] [ DB ] INIT mysql
[ info ] [ BEHAVIOR ] Run \addons\ldcms\Ldcms @app_init [ RunTime:0.032408s ]
[ info ] [ BEHAVIOR ] Run Closure @app_init [ RunTime:0.032431s ]
[ info ] [ BEHAVIOR ] Run app\common\behavior\Common @app_init [ RunTime:0.001937s ]
[ info ] [ LANG ] /var/webstars/sustens/thinkphp/lang/zh-cn.php
[ info ] [ BEHAVIOR ] Run app\common\behavior\Common @app_dispatch [ RunTime:0.000036s ]
[ info ] [ ROUTE ] array (
  'type' => 'method',
  'method' => 
  array (
    0 => '\\think\\addons\\Route',
    1 => 'execute',
  ),
  'var' => 
  array (
    'addon' => 'ldcms',
    'controller' => 'detail',
    'action' => 'index',
  ),
)
[ info ] [ HEADER ] array (
  'cookie' => 'backend_language=zh-cn',
  'connection' => 'keep-alive',
  'accept-encoding' => 'gzip, deflate, br',
  'host' => 'dev.sustens.com',
  'accept' => '*/*',
  'user-agent' => 'Apifox/1.0.0 (https://apifox.com)',
  'content-length' => '',
  'content-type' => '',
)
[ info ] [ PARAM ] array (
  'category' => 'pet',
  'id' => '1',
)
[ info ] [ RUN ] think\addons\Route->execute[ /var/webstars/sustens/vendor/karsonzhang/fastadmin-addons/src/addons/Route.php ]
[ info ] [ LANG ] /var/webstars/sustens/public/../application/common/lang/zh-cn/addon.php
[ info ] [ BEHAVIOR ] Run app\common\behavior\Common @addon_begin [ RunTime:0.006980s ]
[ info ] [ BEHAVIOR ] Run \addons\ldcms\Ldcms @config_init [ RunTime:0.000120s ]
[ info ] [ LOG ] INIT File
---------------------------------------------------------------
[ 2024-11-21T22:12:04+08:00 ] 10.211.55.2 GET dev.sustens.com//addons/ldcms/api.v1/test
[运行时间：0.406126s] [吞吐率：2.46req/s] [内存消耗：587.77kb] [文件加载：167]
[ info ] [ BEHAVIOR ] Run Closure @app_init [ RunTime:0.000043s ]
[ info ] [ CACHE ] INIT File
[ info ] [ DB ] INIT mysql
[ info ] [ BEHAVIOR ] Run \addons\ldcms\Ldcms @app_init [ RunTime:0.059984s ]
[ info ] [ BEHAVIOR ] Run Closure @app_init [ RunTime:0.060130s ]
[ info ] [ BEHAVIOR ] Run app\common\behavior\Common @app_init [ RunTime:0.010985s ]
[ info ] [ LANG ] /var/webstars/sustens/thinkphp/lang/zh-cn.php
[ info ] [ BEHAVIOR ] Run app\common\behavior\Common @app_dispatch [ RunTime:0.000051s ]
[ info ] [ ROUTE ] array (
  'type' => 'method',
  'method' => 
  array (
    0 => '\\think\\addons\\Route',
    1 => 'execute',
  ),
  'var' => 
  array (
  ),
)
[ info ] [ HEADER ] array (
  'cookie' => 'backend_language=zh-cn; frontend_language=zh-cn',
  'content-length' => '61',
  'connection' => 'keep-alive',
  'accept-encoding' => 'gzip, deflate, br',
  'host' => 'dev.sustens.com',
  'accept' => '*/*',
  'content-type' => 'application/json',
  'user-agent' => 'Apifox/1.0.0 (https://apifox.com)',
)
[ info ] [ PARAM ] array (
  'addon' => 'ldcms',
  'controller' => 'api.v1',
  'action' => 'test',
)
[ info ] [ RUN ] think\addons\Route->execute[ /var/webstars/sustens/vendor/karsonzhang/fastadmin-addons/src/addons/Route.php ]
[ info ] [ LANG ] /var/webstars/sustens/public/../application/common/lang/zh-cn/addon.php
[ info ] [ BEHAVIOR ] Run app\common\behavior\Common @addon_begin [ RunTime:0.010784s ]
[ info ] [ LOG ] INIT File
---------------------------------------------------------------
[ 2024-11-21T22:14:54+08:00 ] 10.211.55.2 GET dev.sustens.com//addons/ldcms/api.v1/test
[运行时间：0.411658s] [吞吐率：2.43req/s] [内存消耗：587.78kb] [文件加载：167]
[ info ] [ BEHAVIOR ] Run Closure @app_init [ RunTime:0.000030s ]
[ info ] [ CACHE ] INIT File
[ info ] [ DB ] INIT mysql
[ info ] [ BEHAVIOR ] Run \addons\ldcms\Ldcms @app_init [ RunTime:0.034153s ]
[ info ] [ BEHAVIOR ] Run Closure @app_init [ RunTime:0.034248s ]
[ info ] [ BEHAVIOR ] Run app\common\behavior\Common @app_init [ RunTime:0.004484s ]
[ info ] [ LANG ] /var/webstars/sustens/thinkphp/lang/zh-cn.php
[ info ] [ BEHAVIOR ] Run app\common\behavior\Common @app_dispatch [ RunTime:0.000071s ]
[ info ] [ ROUTE ] array (
  'type' => 'method',
  'method' => 
  array (
    0 => '\\think\\addons\\Route',
    1 => 'execute',
  ),
  'var' => 
  array (
  ),
)
[ info ] [ HEADER ] array (
  'cookie' => 'backend_language=zh-cn; frontend_language=zh-cn',
  'content-length' => '67',
  'connection' => 'keep-alive',
  'accept-encoding' => 'gzip, deflate, br',
  'host' => 'dev.sustens.com',
  'accept' => '*/*',
  'content-type' => 'application/json',
  'user-agent' => 'Apifox/1.0.0 (https://apifox.com)',
)
[ info ] [ PARAM ] array (
  'addon' => 'ldcms',
  'controller' => 'api.v1',
  'action' => 'test',
)
[ info ] [ RUN ] think\addons\Route->execute[ /var/webstars/sustens/vendor/karsonzhang/fastadmin-addons/src/addons/Route.php ]
[ info ] [ LANG ] /var/webstars/sustens/public/../application/common/lang/zh-cn/addon.php
[ info ] [ BEHAVIOR ] Run app\common\behavior\Common @addon_begin [ RunTime:0.002715s ]
[ info ] [ LOG ] INIT File
---------------------------------------------------------------
[ 2024-11-21T22:25:19+08:00 ] 10.211.55.2 GET dev.sustens.com//addons/ldcms/api.v1/test
[运行时间：0.445480s] [吞吐率：2.24req/s] [内存消耗：587.67kb] [文件加载：167]
[ info ] [ BEHAVIOR ] Run Closure @app_init [ RunTime:0.000023s ]
[ info ] [ CACHE ] INIT File
[ info ] [ DB ] INIT mysql
[ info ] [ BEHAVIOR ] Run \addons\ldcms\Ldcms @app_init [ RunTime:0.034951s ]
[ info ] [ BEHAVIOR ] Run Closure @app_init [ RunTime:0.035027s ]
[ info ] [ BEHAVIOR ] Run app\common\behavior\Common @app_init [ RunTime:0.004514s ]
[ info ] [ LANG ] /var/webstars/sustens/thinkphp/lang/zh-cn.php
[ info ] [ BEHAVIOR ] Run app\common\behavior\Common @app_dispatch [ RunTime:0.000053s ]
[ info ] [ ROUTE ] array (
  'type' => 'method',
  'method' => 
  array (
    0 => '\\think\\addons\\Route',
    1 => 'execute',
  ),
  'var' => 
  array (
  ),
)
[ info ] [ HEADER ] array (
  'cookie' => 'backend_language=zh-cn; frontend_language=zh-cn',
  'content-length' => '16',
  'connection' => 'keep-alive',
  'accept-encoding' => 'gzip, deflate, br',
  'host' => 'dev.sustens.com',
  'accept' => '*/*',
  'content-type' => 'application/json',
  'user-agent' => 'Apifox/1.0.0 (https://apifox.com)',
)
[ info ] [ PARAM ] array (
  'addon' => 'ldcms',
  'controller' => 'api.v1',
  'action' => 'test',
)
[ info ] [ RUN ] think\addons\Route->execute[ /var/webstars/sustens/vendor/karsonzhang/fastadmin-addons/src/addons/Route.php ]
[ info ] [ LANG ] /var/webstars/sustens/public/../application/common/lang/zh-cn/addon.php
[ info ] [ BEHAVIOR ] Run app\common\behavior\Common @addon_begin [ RunTime:0.005410s ]
[ info ] [ LOG ] INIT File
---------------------------------------------------------------
[ 2024-11-21T22:27:30+08:00 ] 10.211.55.2 GET dev.sustens.com//addons/ldcms/api.v1/test
[运行时间：0.384514s] [吞吐率：2.60req/s] [内存消耗：587.67kb] [文件加载：167]
[ info ] [ BEHAVIOR ] Run Closure @app_init [ RunTime:0.000032s ]
[ info ] [ CACHE ] INIT File
[ info ] [ DB ] INIT mysql
[ info ] [ BEHAVIOR ] Run \addons\ldcms\Ldcms @app_init [ RunTime:0.033237s ]
[ info ] [ BEHAVIOR ] Run Closure @app_init [ RunTime:0.033265s ]
[ info ] [ BEHAVIOR ] Run app\common\behavior\Common @app_init [ RunTime:0.004033s ]
[ info ] [ LANG ] /var/webstars/sustens/thinkphp/lang/zh-cn.php
[ info ] [ BEHAVIOR ] Run app\common\behavior\Common @app_dispatch [ RunTime:0.000222s ]
[ info ] [ ROUTE ] array (
  'type' => 'method',
  'method' => 
  array (
    0 => '\\think\\addons\\Route',
    1 => 'execute',
  ),
  'var' => 
  array (
  ),
)
[ info ] [ HEADER ] array (
  'cookie' => 'backend_language=zh-cn; frontend_language=zh-cn',
  'content-length' => '16',
  'connection' => 'keep-alive',
  'accept-encoding' => 'gzip, deflate, br',
  'host' => 'dev.sustens.com',
  'accept' => '*/*',
  'content-type' => 'application/json',
  'user-agent' => 'Apifox/1.0.0 (https://apifox.com)',
)
[ info ] [ PARAM ] array (
  'addon' => 'ldcms',
  'controller' => 'api.v1',
  'action' => 'test',
)
[ info ] [ RUN ] think\addons\Route->execute[ /var/webstars/sustens/vendor/karsonzhang/fastadmin-addons/src/addons/Route.php ]
[ info ] [ LANG ] /var/webstars/sustens/public/../application/common/lang/zh-cn/addon.php
[ info ] [ BEHAVIOR ] Run app\common\behavior\Common @addon_begin [ RunTime:0.002981s ]
[ info ] [ LOG ] INIT File
---------------------------------------------------------------
[ 2024-11-21T22:28:38+08:00 ] 10.211.55.2 GET dev.sustens.com//addons/ldcms/api.v1/test
[运行时间：0.759446s] [吞吐率：1.32req/s] [内存消耗：587.67kb] [文件加载：167]
[ info ] [ BEHAVIOR ] Run Closure @app_init [ RunTime:0.000041s ]
[ info ] [ CACHE ] INIT File
[ info ] [ DB ] INIT mysql
[ info ] [ BEHAVIOR ] Run \addons\ldcms\Ldcms @app_init [ RunTime:0.039361s ]
[ info ] [ BEHAVIOR ] Run Closure @app_init [ RunTime:0.039389s ]
[ info ] [ BEHAVIOR ] Run app\common\behavior\Common @app_init [ RunTime:0.002661s ]
[ info ] [ LANG ] /var/webstars/sustens/thinkphp/lang/zh-cn.php
[ info ] [ BEHAVIOR ] Run app\common\behavior\Common @app_dispatch [ RunTime:0.000068s ]
[ info ] [ ROUTE ] array (
  'type' => 'method',
  'method' => 
  array (
    0 => '\\think\\addons\\Route',
    1 => 'execute',
  ),
  'var' => 
  array (
  ),
)
[ info ] [ HEADER ] array (
  'cookie' => 'backend_language=zh-cn; frontend_language=zh-cn',
  'content-length' => '16',
  'connection' => 'keep-alive',
  'accept-encoding' => 'gzip, deflate, br',
  'host' => 'dev.sustens.com',
  'accept' => '*/*',
  'content-type' => 'application/json',
  'user-agent' => 'Apifox/1.0.0 (https://apifox.com)',
)
[ info ] [ PARAM ] array (
  'addon' => 'ldcms',
  'controller' => 'api.v1',
  'action' => 'test',
)
[ info ] [ RUN ] think\addons\Route->execute[ /var/webstars/sustens/vendor/karsonzhang/fastadmin-addons/src/addons/Route.php ]
[ info ] [ LANG ] /var/webstars/sustens/public/../application/common/lang/zh-cn/addon.php
[ info ] [ BEHAVIOR ] Run app\common\behavior\Common @addon_begin [ RunTime:0.003940s ]
[ info ] [ LOG ] INIT File
---------------------------------------------------------------
[ 2024-11-21T22:31:59+08:00 ] 10.211.55.2 GET dev.sustens.com//addons/ldcms/api.v1/test
[运行时间：0.240151s] [吞吐率：4.16req/s] [内存消耗：587.67kb] [文件加载：167]
[ info ] [ BEHAVIOR ] Run Closure @app_init [ RunTime:0.000033s ]
[ info ] [ CACHE ] INIT File
[ info ] [ DB ] INIT mysql
[ info ] [ BEHAVIOR ] Run \addons\ldcms\Ldcms @app_init [ RunTime:0.025441s ]
[ info ] [ BEHAVIOR ] Run Closure @app_init [ RunTime:0.025472s ]
[ info ] [ BEHAVIOR ] Run app\common\behavior\Common @app_init [ RunTime:0.002472s ]
[ info ] [ LANG ] /var/webstars/sustens/thinkphp/lang/zh-cn.php
[ info ] [ BEHAVIOR ] Run app\common\behavior\Common @app_dispatch [ RunTime:0.000085s ]
[ info ] [ ROUTE ] array (
  'type' => 'method',
  'method' => 
  array (
    0 => '\\think\\addons\\Route',
    1 => 'execute',
  ),
  'var' => 
  array (
  ),
)
[ info ] [ HEADER ] array (
  'cookie' => 'backend_language=zh-cn; frontend_language=zh-cn',
  'content-length' => '16',
  'connection' => 'keep-alive',
  'accept-encoding' => 'gzip, deflate, br',
  'host' => 'dev.sustens.com',
  'accept' => '*/*',
  'content-type' => 'application/json',
  'user-agent' => 'Apifox/1.0.0 (https://apifox.com)',
)
[ info ] [ PARAM ] array (
  'addon' => 'ldcms',
  'controller' => 'api.v1',
  'action' => 'test',
)
[ info ] [ RUN ] think\addons\Route->execute[ /var/webstars/sustens/vendor/karsonzhang/fastadmin-addons/src/addons/Route.php ]
[ info ] [ LANG ] /var/webstars/sustens/public/../application/common/lang/zh-cn/addon.php
[ info ] [ BEHAVIOR ] Run app\common\behavior\Common @addon_begin [ RunTime:0.002722s ]
[ info ] [ LOG ] INIT File
---------------------------------------------------------------
[ 2024-11-21T22:34:56+08:00 ] 10.211.55.2 GET dev.sustens.com//addons/ldcms/api.v1/test
[运行时间：0.697901s] [吞吐率：1.43req/s] [内存消耗：587.67kb] [文件加载：167]
[ info ] [ BEHAVIOR ] Run Closure @app_init [ RunTime:0.000062s ]
[ info ] [ CACHE ] INIT File
[ info ] [ DB ] INIT mysql
[ info ] [ BEHAVIOR ] Run \addons\ldcms\Ldcms @app_init [ RunTime:0.125833s ]
[ info ] [ BEHAVIOR ] Run Closure @app_init [ RunTime:0.125874s ]
[ info ] [ BEHAVIOR ] Run app\common\behavior\Common @app_init [ RunTime:0.030812s ]
[ info ] [ LANG ] /var/webstars/sustens/thinkphp/lang/zh-cn.php
[ info ] [ BEHAVIOR ] Run app\common\behavior\Common @app_dispatch [ RunTime:0.000046s ]
[ info ] [ ROUTE ] array (
  'type' => 'method',
  'method' => 
  array (
    0 => '\\think\\addons\\Route',
    1 => 'execute',
  ),
  'var' => 
  array (
  ),
)
[ info ] [ HEADER ] array (
  'cookie' => 'backend_language=zh-cn; frontend_language=zh-cn',
  'content-length' => '16',
  'connection' => 'keep-alive',
  'accept-encoding' => 'gzip, deflate, br',
  'host' => 'dev.sustens.com',
  'accept' => '*/*',
  'content-type' => 'application/json',
  'user-agent' => 'Apifox/1.0.0 (https://apifox.com)',
)
[ info ] [ PARAM ] array (
  'addon' => 'ldcms',
  'controller' => 'api.v1',
  'action' => 'test',
)
[ info ] [ RUN ] think\addons\Route->execute[ /var/webstars/sustens/vendor/karsonzhang/fastadmin-addons/src/addons/Route.php ]
[ info ] [ LANG ] /var/webstars/sustens/public/../application/common/lang/zh-cn/addon.php
[ info ] [ BEHAVIOR ] Run app\common\behavior\Common @addon_begin [ RunTime:0.041205s ]
[ info ] [ LOG ] INIT File
---------------------------------------------------------------
[ 2024-11-21T22:49:12+08:00 ] 10.211.55.2 GET dev.sustens.com//addons/ldcms/api.v1/test
[运行时间：1.273872s] [吞吐率：0.79req/s] [内存消耗：597.04kb] [文件加载：167]
[ info ] [ BEHAVIOR ] Run Closure @app_init [ RunTime:0.000068s ]
[ info ] [ CACHE ] INIT File
[ info ] [ DB ] INIT mysql
[ info ] [ BEHAVIOR ] Run \addons\ldcms\Ldcms @app_init [ RunTime:0.041976s ]
[ info ] [ BEHAVIOR ] Run Closure @app_init [ RunTime:0.042000s ]
[ info ] [ BEHAVIOR ] Run app\common\behavior\Common @app_init [ RunTime:0.002741s ]
[ info ] [ LANG ] /var/webstars/sustens/thinkphp/lang/zh-cn.php
[ info ] [ BEHAVIOR ] Run app\common\behavior\Common @app_dispatch [ RunTime:0.000031s ]
[ info ] [ ROUTE ] array (
  'type' => 'method',
  'method' => 
  array (
    0 => '\\think\\addons\\Route',
    1 => 'execute',
  ),
  'var' => 
  array (
  ),
)
[ info ] [ HEADER ] array (
  'cookie' => 'backend_language=zh-cn; frontend_language=zh-cn',
  'content-length' => '16',
  'connection' => 'keep-alive',
  'accept-encoding' => 'gzip, deflate, br',
  'host' => 'dev.sustens.com',
  'accept' => '*/*',
  'content-type' => 'application/json',
  'user-agent' => 'Apifox/1.0.0 (https://apifox.com)',
)
[ info ] [ PARAM ] array (
  'addon' => 'ldcms',
  'controller' => 'api.v1',
  'action' => 'test',
)
[ info ] [ RUN ] think\addons\Route->execute[ /var/webstars/sustens/vendor/karsonzhang/fastadmin-addons/src/addons/Route.php ]
[ info ] [ LANG ] /var/webstars/sustens/public/../application/common/lang/zh-cn/addon.php
[ info ] [ BEHAVIOR ] Run app\common\behavior\Common @addon_begin [ RunTime:0.004277s ]
[ info ] [ LOG ] INIT File
---------------------------------------------------------------
[ 2024-11-21T22:49:58+08:00 ] 10.211.55.2 GET dev.sustens.com//addons/ldcms/api.v1/test
[运行时间：0.053757s] [吞吐率：18.60req/s] [内存消耗：587.67kb] [文件加载：167]
[ info ] [ BEHAVIOR ] Run Closure @app_init [ RunTime:0.000016s ]
[ info ] [ CACHE ] INIT File
[ info ] [ DB ] INIT mysql
[ info ] [ BEHAVIOR ] Run \addons\ldcms\Ldcms @app_init [ RunTime:0.009571s ]
[ info ] [ BEHAVIOR ] Run Closure @app_init [ RunTime:0.009593s ]
[ info ] [ BEHAVIOR ] Run app\common\behavior\Common @app_init [ RunTime:0.000075s ]
[ info ] [ LANG ] /var/webstars/sustens/thinkphp/lang/zh-cn.php
[ info ] [ BEHAVIOR ] Run app\common\behavior\Common @app_dispatch [ RunTime:0.000014s ]
[ info ] [ ROUTE ] array (
  'type' => 'method',
  'method' => 
  array (
    0 => '\\think\\addons\\Route',
    1 => 'execute',
  ),
  'var' => 
  array (
  ),
)
[ info ] [ HEADER ] array (
  'cookie' => 'backend_language=zh-cn; frontend_language=zh-cn',
  'content-length' => '16',
  'connection' => 'keep-alive',
  'accept-encoding' => 'gzip, deflate, br',
  'host' => 'dev.sustens.com',
  'accept' => '*/*',
  'content-type' => 'application/json',
  'user-agent' => 'Apifox/1.0.0 (https://apifox.com)',
)
[ info ] [ PARAM ] array (
  'addon' => 'ldcms',
  'controller' => 'api.v1',
  'action' => 'test',
)
[ info ] [ RUN ] think\addons\Route->execute[ /var/webstars/sustens/vendor/karsonzhang/fastadmin-addons/src/addons/Route.php ]
[ info ] [ LANG ] /var/webstars/sustens/public/../application/common/lang/zh-cn/addon.php
[ info ] [ BEHAVIOR ] Run app\common\behavior\Common @addon_begin [ RunTime:0.000109s ]
[ info ] [ LOG ] INIT File
---------------------------------------------------------------
[ 2024-11-21T22:51:31+08:00 ] 10.211.55.2 GET dev.sustens.com//addons/ldcms/api.v1/test
[运行时间：0.498433s] [吞吐率：2.01req/s] [内存消耗：587.67kb] [文件加载：167]
[ info ] [ BEHAVIOR ] Run Closure @app_init [ RunTime:0.000052s ]
[ info ] [ CACHE ] INIT File
[ info ] [ DB ] INIT mysql
[ info ] [ BEHAVIOR ] Run \addons\ldcms\Ldcms @app_init [ RunTime:0.046598s ]
[ info ] [ BEHAVIOR ] Run Closure @app_init [ RunTime:0.046807s ]
[ info ] [ BEHAVIOR ] Run app\common\behavior\Common @app_init [ RunTime:0.007878s ]
[ info ] [ LANG ] /var/webstars/sustens/thinkphp/lang/zh-cn.php
[ info ] [ BEHAVIOR ] Run app\common\behavior\Common @app_dispatch [ RunTime:0.000044s ]
[ info ] [ ROUTE ] array (
  'type' => 'method',
  'method' => 
  array (
    0 => '\\think\\addons\\Route',
    1 => 'execute',
  ),
  'var' => 
  array (
  ),
)
[ info ] [ HEADER ] array (
  'cookie' => 'backend_language=zh-cn; frontend_language=zh-cn',
  'content-length' => '16',
  'connection' => 'keep-alive',
  'accept-encoding' => 'gzip, deflate, br',
  'host' => 'dev.sustens.com',
  'accept' => '*/*',
  'content-type' => 'application/json',
  'user-agent' => 'Apifox/1.0.0 (https://apifox.com)',
)
[ info ] [ PARAM ] array (
  'addon' => 'ldcms',
  'controller' => 'api.v1',
  'action' => 'test',
)
[ info ] [ RUN ] think\addons\Route->execute[ /var/webstars/sustens/vendor/karsonzhang/fastadmin-addons/src/addons/Route.php ]
[ info ] [ LANG ] /var/webstars/sustens/public/../application/common/lang/zh-cn/addon.php
[ info ] [ BEHAVIOR ] Run app\common\behavior\Common @addon_begin [ RunTime:0.006679s ]
[ info ] [ LOG ] INIT File
