---------------------------------------------------------------
[ 2024-10-23T11:22:10+08:00 ] 10.211.55.2 GET dev.sustens.com/MTyvDCHVOo.php/addon?addtabs=1
[运行时间：0.332333s] [吞吐率：3.01req/s] [内存消耗：280.34kb] [文件加载：88]
[ info ] [ BEHAVIOR ] Run Closure @app_init [ RunTime:0.000031s ]
[ info ] [ CACHE ] INIT File
[ info ] [ DB ] INIT mysql
[ info ] [ BEHAVIOR ] Run \addons\ldcms\Ldcms @app_init [ RunTime:0.034655s ]
[ info ] [ BEHAVIOR ] Run Closure @app_init [ RunTime:0.034686s ]
[ info ] [ BEHAVIOR ] Run app\common\behavior\Common @app_init [ RunTime:0.003926s ]
[ info ] [ LANG ] /var/webstars/sustens/thinkphp/lang/zh-cn.php
[ info ] [ BEHAVIOR ] Run app\common\behavior\Common @app_dispatch [ RunTime:0.000035s ]
[ info ] [ ROUTE ] array (
  'type' => 'module',
  'module' => 
  array (
    0 => 'admin',
    1 => 'addon',
    2 => NULL,
  ),
)
[ info ] [ HEADER ] array (
  'cookie' => 'thinkphp_show_page_trace=0|0; fastadmin_sid=6i4i85hcfiji; fastadmin_userinfo=%7B%22id%22%3A%2215950%22%2C%22username%22%3A%22shrek%22%2C%22nickname%22%3A%22shrek%22%2C%22token%22%3A%22372539ca-49f1-462e-a150-7c9b73386f16%22%7D; thinkphp_show_page_trace=0|0; PHPSESSID=ug8e40esvrg41dg9pckf71nml0; uid=2; token=50446b79-6f1c-4eb2-9abc-2c19eb7a9159; keeplogin=1%7C86400%7C1729658220%7C16f312b1af10f6d85e6486e9145c262e; thinkphp_show_page_trace=0|0; frontend_language=zh-cn; backend_language=zh-cn',
  'accept-language' => 'zh-CN,zh;q=0.9,en;q=0.8',
  'accept-encoding' => 'gzip, deflate',
  'accept' => 'text/html,application/xhtml+xml,application/xml;q=0.9,image/avif,image/webp,image/apng,*/*;q=0.8,application/signed-exchange;v=b3;q=0.7',
  'user-agent' => 'Mozilla/5.0 (Macintosh; Intel Mac OS X 10_15_7) AppleWebKit/537.36 (KHTML, like Gecko) Chrome/129.0.0.0 Safari/537.36',
  'upgrade-insecure-requests' => '1',
  'connection' => 'keep-alive',
  'host' => 'dev.sustens.com',
  'content-length' => '',
  'content-type' => '',
)
[ info ] [ PARAM ] array (
  'addtabs' => '1',
)
[ info ] [ LANG ] /var/webstars/sustens/public/../application/admin/lang/zh-cn.php
[ info ] [ BEHAVIOR ] Run app\common\behavior\Common @module_init [ RunTime:0.001258s ]
[ info ] [ SESSION ] INIT array (
  'id' => '',
  'var_session_id' => '',
  'prefix' => 'think',
  'type' => '',
  'auto_start' => true,
)
[ info ] [ VIEW ] /var/webstars/sustens/public/../application/common/view/tpl/dispatch_jump.tpl [ array (
  0 => 'code',
  1 => 'msg',
  2 => 'data',
  3 => 'url',
  4 => 'wait',
) ]
[ info ] [ BEHAVIOR ] Run app\admin\behavior\AdminLog @app_end [ RunTime:0.001509s ]
[ info ] [ LOG ] INIT File
---------------------------------------------------------------
[ 2024-10-23T11:22:12+08:00 ] 10.211.55.2 GET dev.sustens.com/MTyvDCHVOo.php/index/login?url=%2FMTyvDCHVOo.php%2Faddon%3Faddtabs%3D1
[运行时间：0.027948s] [吞吐率：35.78req/s] [内存消耗：469.38kb] [文件加载：91]
[ info ] [ BEHAVIOR ] Run Closure @app_init [ RunTime:0.000034s ]
[ info ] [ CACHE ] INIT File
[ info ] [ DB ] INIT mysql
[ info ] [ BEHAVIOR ] Run \addons\ldcms\Ldcms @app_init [ RunTime:0.002971s ]
[ info ] [ BEHAVIOR ] Run Closure @app_init [ RunTime:0.002998s ]
[ info ] [ BEHAVIOR ] Run app\common\behavior\Common @app_init [ RunTime:0.000095s ]
[ info ] [ LANG ] /var/webstars/sustens/thinkphp/lang/zh-cn.php
[ info ] [ BEHAVIOR ] Run app\common\behavior\Common @app_dispatch [ RunTime:0.000017s ]
[ info ] [ ROUTE ] array (
  'type' => 'module',
  'module' => 
  array (
    0 => 'admin',
    1 => 'index',
    2 => 'login',
  ),
)
[ info ] [ HEADER ] array (
  'cookie' => 'thinkphp_show_page_trace=0|0; fastadmin_sid=6i4i85hcfiji; fastadmin_userinfo=%7B%22id%22%3A%2215950%22%2C%22username%22%3A%22shrek%22%2C%22nickname%22%3A%22shrek%22%2C%22token%22%3A%22372539ca-49f1-462e-a150-7c9b73386f16%22%7D; thinkphp_show_page_trace=0|0; PHPSESSID=ug8e40esvrg41dg9pckf71nml0; uid=2; token=50446b79-6f1c-4eb2-9abc-2c19eb7a9159; keeplogin=1%7C86400%7C1729658220%7C16f312b1af10f6d85e6486e9145c262e; thinkphp_show_page_trace=0|0; frontend_language=zh-cn; backend_language=zh-cn',
  'accept-language' => 'zh-CN,zh;q=0.9,en;q=0.8',
  'accept-encoding' => 'gzip, deflate',
  'referer' => 'http://dev.sustens.com/MTyvDCHVOo.php/addon?addtabs=1',
  'accept' => 'text/html,application/xhtml+xml,application/xml;q=0.9,image/avif,image/webp,image/apng,*/*;q=0.8,application/signed-exchange;v=b3;q=0.7',
  'user-agent' => 'Mozilla/5.0 (Macintosh; Intel Mac OS X 10_15_7) AppleWebKit/537.36 (KHTML, like Gecko) Chrome/129.0.0.0 Safari/537.36',
  'upgrade-insecure-requests' => '1',
  'connection' => 'keep-alive',
  'host' => 'dev.sustens.com',
  'content-length' => '',
  'content-type' => '',
)
[ info ] [ PARAM ] array (
  'url' => '/MTyvDCHVOo.php/addon?addtabs=1',
)
[ info ] [ LANG ] /var/webstars/sustens/public/../application/admin/lang/zh-cn.php
[ info ] [ BEHAVIOR ] Run app\common\behavior\Common @module_init [ RunTime:0.000272s ]
[ info ] [ SESSION ] INIT array (
  'id' => '',
  'var_session_id' => '',
  'prefix' => 'think',
  'type' => '',
  'auto_start' => true,
)
[ info ] [ BEHAVIOR ] Run \addons\ldcms\Ldcms @config_init [ RunTime:0.000046s ]
[ info ] [ LANG ] /var/webstars/sustens/public/../application/admin/lang/zh-cn/index.php
[ info ] [ RUN ] app\admin\controller\Index->login[ /var/webstars/sustens/application/admin/controller/Index.php ]
[ info ] [ BEHAVIOR ] Run app\admin\behavior\AdminLog @app_end [ RunTime:0.000049s ]
[ info ] [ LOG ] INIT File
---------------------------------------------------------------
[ 2024-10-23T11:22:12+08:00 ] 10.211.55.2 GET dev.sustens.com/MTyvDCHVOo.php/addon?addtabs=1
[运行时间：0.050226s] [吞吐率：19.91req/s] [内存消耗：656.92kb] [文件加载：95]
[ info ] [ BEHAVIOR ] Run Closure @app_init [ RunTime:0.000025s ]
[ info ] [ CACHE ] INIT File
[ info ] [ DB ] INIT mysql
[ info ] [ BEHAVIOR ] Run \addons\ldcms\Ldcms @app_init [ RunTime:0.002388s ]
[ info ] [ BEHAVIOR ] Run Closure @app_init [ RunTime:0.002411s ]
[ info ] [ BEHAVIOR ] Run app\common\behavior\Common @app_init [ RunTime:0.000054s ]
[ info ] [ LANG ] /var/webstars/sustens/thinkphp/lang/zh-cn.php
[ info ] [ BEHAVIOR ] Run app\common\behavior\Common @app_dispatch [ RunTime:0.000014s ]
[ info ] [ ROUTE ] array (
  'type' => 'module',
  'module' => 
  array (
    0 => 'admin',
    1 => 'addon',
    2 => NULL,
  ),
)
[ info ] [ HEADER ] array (
  'cookie' => 'thinkphp_show_page_trace=0|0; fastadmin_sid=6i4i85hcfiji; fastadmin_userinfo=%7B%22id%22%3A%2215950%22%2C%22username%22%3A%22shrek%22%2C%22nickname%22%3A%22shrek%22%2C%22token%22%3A%22372539ca-49f1-462e-a150-7c9b73386f16%22%7D; thinkphp_show_page_trace=0|0; PHPSESSID=ug8e40esvrg41dg9pckf71nml0; uid=2; token=50446b79-6f1c-4eb2-9abc-2c19eb7a9159; thinkphp_show_page_trace=0|0; frontend_language=zh-cn; backend_language=zh-cn; keeplogin=1%7C86400%7C1729740132%7C5a3c3b8262c909bca68a28505d3245dc',
  'accept-language' => 'zh-CN,zh;q=0.9,en;q=0.8',
  'accept-encoding' => 'gzip, deflate',
  'referer' => 'http://dev.sustens.com/MTyvDCHVOo.php/addon?addtabs=1',
  'accept' => 'text/html,application/xhtml+xml,application/xml;q=0.9,image/avif,image/webp,image/apng,*/*;q=0.8,application/signed-exchange;v=b3;q=0.7',
  'user-agent' => 'Mozilla/5.0 (Macintosh; Intel Mac OS X 10_15_7) AppleWebKit/537.36 (KHTML, like Gecko) Chrome/129.0.0.0 Safari/537.36',
  'upgrade-insecure-requests' => '1',
  'connection' => 'keep-alive',
  'host' => 'dev.sustens.com',
  'content-length' => '',
  'content-type' => '',
)
[ info ] [ PARAM ] array (
  'addtabs' => '1',
)
[ info ] [ LANG ] /var/webstars/sustens/public/../application/admin/lang/zh-cn.php
[ info ] [ BEHAVIOR ] Run app\common\behavior\Common @module_init [ RunTime:0.000223s ]
[ info ] [ SESSION ] INIT array (
  'id' => '',
  'var_session_id' => '',
  'prefix' => 'think',
  'type' => '',
  'auto_start' => true,
)
[ info ] [ BEHAVIOR ] Run \addons\ldcms\Ldcms @config_init [ RunTime:0.000098s ]
[ info ] [ LANG ] /var/webstars/sustens/public/../application/admin/lang/zh-cn/addon.php
[ info ] [ RUN ] app\admin\controller\Addon->index[ /var/webstars/sustens/application/admin/controller/Addon.php ]
[ info ] [ VIEW ] /var/webstars/sustens/public/../application/admin/view/addon/index.html [ array (
  0 => 'breadcrumb',
  1 => 'site',
  2 => 'config',
  3 => 'auth',
  4 => 'admin',
) ]
[ info ] [ BEHAVIOR ] Run app\admin\behavior\AdminLog @app_end [ RunTime:0.000070s ]
[ info ] [ LOG ] INIT File
---------------------------------------------------------------
[ 2024-10-23T11:22:13+08:00 ] 10.211.55.2 GET dev.sustens.com/MTyvDCHVOo.php/ajax/lang?callback=define&controllername=addon&lang=zh-cn&v=1729653732
[运行时间：0.023917s] [吞吐率：41.81req/s] [内存消耗：304.59kb] [文件加载：90]
[ info ] [ BEHAVIOR ] Run Closure @app_init [ RunTime:0.000019s ]
[ info ] [ CACHE ] INIT File
[ info ] [ DB ] INIT mysql
[ info ] [ BEHAVIOR ] Run \addons\ldcms\Ldcms @app_init [ RunTime:0.002289s ]
[ info ] [ BEHAVIOR ] Run Closure @app_init [ RunTime:0.002312s ]
[ info ] [ BEHAVIOR ] Run app\common\behavior\Common @app_init [ RunTime:0.000099s ]
[ info ] [ LANG ] /var/webstars/sustens/thinkphp/lang/zh-cn.php
[ info ] [ BEHAVIOR ] Run app\common\behavior\Common @app_dispatch [ RunTime:0.000014s ]
[ info ] [ ROUTE ] array (
  'type' => 'module',
  'module' => 
  array (
    0 => 'admin',
    1 => 'ajax',
    2 => 'lang',
  ),
)
[ info ] [ HEADER ] array (
  'cookie' => 'fastadmin_sid=6i4i85hcfiji; fastadmin_userinfo=%7B%22id%22%3A%2215950%22%2C%22username%22%3A%22shrek%22%2C%22nickname%22%3A%22shrek%22%2C%22token%22%3A%22372539ca-49f1-462e-a150-7c9b73386f16%22%7D; thinkphp_show_page_trace=0|0; PHPSESSID=ug8e40esvrg41dg9pckf71nml0; uid=2; token=50446b79-6f1c-4eb2-9abc-2c19eb7a9159; thinkphp_show_page_trace=0|0; frontend_language=zh-cn; backend_language=zh-cn; keeplogin=1%7C86400%7C1729740132%7C5a3c3b8262c909bca68a28505d3245dc',
  'accept-language' => 'zh-CN,zh;q=0.9,en;q=0.8',
  'accept-encoding' => 'gzip, deflate',
  'accept' => '*/*',
  'user-agent' => 'Mozilla/5.0 (Macintosh; Intel Mac OS X 10_15_7) AppleWebKit/537.36 (KHTML, like Gecko) Chrome/129.0.0.0 Safari/537.36',
  'connection' => 'keep-alive',
  'host' => 'dev.sustens.com',
  'content-length' => '',
  'content-type' => '',
)
[ info ] [ PARAM ] array (
  'callback' => 'define',
  'controllername' => 'addon',
  'lang' => 'zh-cn',
  'v' => '1729653732',
)
[ info ] [ LANG ] /var/webstars/sustens/public/../application/admin/lang/zh-cn.php
[ info ] [ BEHAVIOR ] Run app\common\behavior\Common @module_init [ RunTime:0.000063s ]
[ info ] [ SESSION ] INIT array (
  'id' => '',
  'var_session_id' => '',
  'prefix' => 'think',
  'type' => '',
  'auto_start' => true,
)
[ info ] [ BEHAVIOR ] Run \addons\ldcms\Ldcms @config_init [ RunTime:0.000034s ]
[ info ] [ LANG ] /var/webstars/sustens/public/../application/admin/lang/zh-cn/ajax.php
[ info ] [ RUN ] app\admin\controller\Ajax->lang[ /var/webstars/sustens/application/admin/controller/Ajax.php ]
[ info ] [ LANG ] /var/webstars/sustens/public/../application/admin/lang/zh-cn/addon.php
[ info ] [ BEHAVIOR ] Run app\admin\behavior\AdminLog @app_end [ RunTime:0.000031s ]
[ info ] [ LOG ] INIT File
---------------------------------------------------------------
[ 2024-10-23T11:22:23+08:00 ] 10.211.55.2 GET dev.sustens.com/MTyvDCHVOo.php/addon/downloaded?callback=jQuery371022835958975218462_1729653733337&sort=id&order=desc&offset=0&limit=50&filter=%7B%22type%22%3A%22local%22%2C%22faversion%22%3A%221.5.2.20240906%22%7D&op=%7B%22type%22%3A%22%3D%22%2C%22faversion%22%3A%22%3D%22%7D&uid=15950&token=372539ca-49f1-462e-a150-7c9b73386f16&domain=dev.sustens.com&version=1.5.2.20240906&sid=6i4i85hcfiji&_=1729653733339
[运行时间：4.360776s] [吞吐率：0.23req/s] [内存消耗：741.80kb] [文件加载：129]
[ info ] [ BEHAVIOR ] Run Closure @app_init [ RunTime:0.000024s ]
[ info ] [ CACHE ] INIT File
[ info ] [ DB ] INIT mysql
[ info ] [ BEHAVIOR ] Run \addons\ldcms\Ldcms @app_init [ RunTime:0.003811s ]
[ info ] [ BEHAVIOR ] Run Closure @app_init [ RunTime:0.003839s ]
[ info ] [ BEHAVIOR ] Run app\common\behavior\Common @app_init [ RunTime:0.000082s ]
[ info ] [ LANG ] /var/webstars/sustens/thinkphp/lang/zh-cn.php
[ info ] [ BEHAVIOR ] Run app\common\behavior\Common @app_dispatch [ RunTime:0.000016s ]
[ info ] [ ROUTE ] array (
  'type' => 'module',
  'module' => 
  array (
    0 => 'admin',
    1 => 'addon',
    2 => 'downloaded',
  ),
)
[ info ] [ HEADER ] array (
  'cookie' => 'thinkphp_show_page_trace=0|0; fastadmin_sid=6i4i85hcfiji; fastadmin_userinfo=%7B%22id%22%3A%2215950%22%2C%22username%22%3A%22shrek%22%2C%22nickname%22%3A%22shrek%22%2C%22token%22%3A%22372539ca-49f1-462e-a150-7c9b73386f16%22%7D; thinkphp_show_page_trace=0|0; PHPSESSID=ug8e40esvrg41dg9pckf71nml0; uid=2; token=50446b79-6f1c-4eb2-9abc-2c19eb7a9159; thinkphp_show_page_trace=0|0; frontend_language=zh-cn; backend_language=zh-cn; keeplogin=1%7C86400%7C1729740132%7C5a3c3b8262c909bca68a28505d3245dc',
  'accept-language' => 'zh-CN,zh;q=0.9,en;q=0.8',
  'accept-encoding' => 'gzip, deflate',
  'content-type' => 'application/json',
  'accept' => 'text/javascript, application/javascript, application/ecmascript, application/x-ecmascript, */*; q=0.01',
  'user-agent' => 'Mozilla/5.0 (Macintosh; Intel Mac OS X 10_15_7) AppleWebKit/537.36 (KHTML, like Gecko) Chrome/129.0.0.0 Safari/537.36',
  'x-requested-with' => 'XMLHttpRequest',
  'connection' => 'keep-alive',
  'host' => 'dev.sustens.com',
  'content-length' => '',
)
[ info ] [ PARAM ] array (
  'callback' => 'jQuery371022835958975218462_1729653733337',
  'sort' => 'id',
  'order' => 'desc',
  'offset' => '0',
  'limit' => '50',
  'filter' => '{"type":"local","faversion":"1.5.2.20240906"}',
  'op' => '{"type":"=","faversion":"="}',
  'uid' => '15950',
  'token' => '372539ca-49f1-462e-a150-7c9b73386f16',
  'domain' => 'dev.sustens.com',
  'version' => '1.5.2.20240906',
  'sid' => '6i4i85hcfiji',
  '_' => '1729653733339',
)
[ info ] [ LANG ] /var/webstars/sustens/public/../application/admin/lang/zh-cn.php
[ info ] [ BEHAVIOR ] Run app\common\behavior\Common @module_init [ RunTime:0.000149s ]
[ info ] [ SESSION ] INIT array (
  'id' => '',
  'var_session_id' => '',
  'prefix' => 'think',
  'type' => '',
  'auto_start' => true,
)
[ info ] [ BEHAVIOR ] Run \addons\ldcms\Ldcms @config_init [ RunTime:0.000124s ]
[ info ] [ LANG ] /var/webstars/sustens/public/../application/admin/lang/zh-cn/addon.php
[ info ] [ RUN ] app\admin\controller\Addon->downloaded[ /var/webstars/sustens/application/admin/controller/Addon.php ]
[ info ] [ BEHAVIOR ] Run app\admin\behavior\AdminLog @app_end [ RunTime:0.000050s ]
[ info ] [ LOG ] INIT File
---------------------------------------------------------------
[ 2024-10-23T12:50:19+08:00 ] 10.211.55.2 GET dev.sustens.com/zaixianliuyan.html
[运行时间：0.403111s] [吞吐率：2.48req/s] [内存消耗：793.41kb] [文件加载：181]
[ info ] [ BEHAVIOR ] Run Closure @app_init [ RunTime:0.000030s ]
[ info ] [ CACHE ] INIT File
[ info ] [ DB ] INIT mysql
[ info ] [ BEHAVIOR ] Run \addons\ldcms\Ldcms @app_init [ RunTime:0.014825s ]
[ info ] [ BEHAVIOR ] Run Closure @app_init [ RunTime:0.014849s ]
[ info ] [ BEHAVIOR ] Run app\common\behavior\Common @app_init [ RunTime:0.001715s ]
[ info ] [ LANG ] /var/webstars/sustens/thinkphp/lang/zh-cn.php
[ info ] [ BEHAVIOR ] Run app\common\behavior\Common @app_dispatch [ RunTime:0.000030s ]
[ info ] [ ROUTE ] array (
  'type' => 'method',
  'method' => 
  array (
    0 => '\\think\\addons\\Route',
    1 => 'execute',
  ),
  'var' => 
  array (
    'addon' => 'ldcms',
    'controller' => 'lists',
    'action' => 'index',
  ),
)
[ info ] [ HEADER ] array (
  'cookie' => 'PHPSESSID=ug8e40esvrg41dg9pckf71nml0; uid=2; token=50446b79-6f1c-4eb2-9abc-2c19eb7a9159; thinkphp_show_page_trace=0|0; frontend_language=zh-cn; backend_language=zh-cn; keeplogin=1%7C86400%7C1729740132%7C5a3c3b8262c909bca68a28505d3245dc',
  'accept-language' => 'zh-CN,zh;q=0.9,en;q=0.8',
  'accept-encoding' => 'gzip, deflate',
  'accept' => 'text/html,application/xhtml+xml,application/xml;q=0.9,image/avif,image/webp,image/apng,*/*;q=0.8,application/signed-exchange;v=b3;q=0.7',
  'user-agent' => 'Mozilla/5.0 (Macintosh; Intel Mac OS X 10_15_7) AppleWebKit/537.36 (KHTML, like Gecko) Chrome/129.0.0.0 Safari/537.36',
  'upgrade-insecure-requests' => '1',
  'connection' => 'keep-alive',
  'host' => 'dev.sustens.com',
  'content-length' => '',
  'content-type' => '',
)
[ info ] [ PARAM ] array (
  'category' => 'zaixianliuyan',
)
[ info ] [ RUN ] think\addons\Route->execute[ /var/webstars/sustens/vendor/karsonzhang/fastadmin-addons/src/addons/Route.php ]
[ info ] [ LANG ] /var/webstars/sustens/public/../application/common/lang/zh-cn/addon.php
[ info ] [ BEHAVIOR ] Run app\common\behavior\Common @addon_begin [ RunTime:0.004753s ]
[ info ] [ TOKEN ] INIT Mysql
[ info ] [ BEHAVIOR ] Run \addons\ldcms\Ldcms @config_init [ RunTime:0.000041s ]
[ info ] [ LANG ] /var/webstars/sustens/addons/ldcms/lang/zh-cn.php
[ info ] [ VIEW ] /var/webstars/sustens/addons/ldcms/view/default/detail_message.html [ array (
  0 => 'user',
  1 => 'site',
  2 => 'config',
  3 => 'category',
  4 => 'parentsid',
  5 => 'childids',
  6 => 'content',
  7 => 'ld',
  8 => 'topid',
) ]
[ info ] [ SESSION ] INIT array (
  'id' => '',
  'var_session_id' => '',
  'prefix' => 'think',
  'type' => '',
  'auto_start' => true,
)
[ info ] [ LOG ] INIT File
